Archive member included because of file (symbol)

c:/freescale/kds_v3/toolchain/bin/../lib/gcc/arm-none-eabi/4.8.4/armv6-m\libgcc.a(_udivsi3.o)
                              ./Sources/main.o (__aeabi_uidiv)
c:/freescale/kds_v3/toolchain/bin/../lib/gcc/arm-none-eabi/4.8.4/armv6-m\libgcc.a(_dvmd_tls.o)
                              c:/freescale/kds_v3/toolchain/bin/../lib/gcc/arm-none-eabi/4.8.4/armv6-m\libgcc.a(_udivsi3.o) (__aeabi_idiv0)
c:/freescale/kds_v3/toolchain/bin/../lib/gcc/arm-none-eabi/4.8.4/../../../../arm-none-eabi/lib/armv6-m\libg_s.a(lib_a-exit.o)
                              c:/freescale/kds_v3/toolchain/bin/../lib/gcc/arm-none-eabi/4.8.4/../../../../arm-none-eabi/lib/armv6-m/crt0.o (exit)
c:/freescale/kds_v3/toolchain/bin/../lib/gcc/arm-none-eabi/4.8.4/../../../../arm-none-eabi/lib/armv6-m\libg_s.a(lib_a-impure.o)
                              c:/freescale/kds_v3/toolchain/bin/../lib/gcc/arm-none-eabi/4.8.4/../../../../arm-none-eabi/lib/armv6-m\libg_s.a(lib_a-exit.o) (_global_impure_ptr)
c:/freescale/kds_v3/toolchain/bin/../lib/gcc/arm-none-eabi/4.8.4/../../../../arm-none-eabi/lib/armv6-m\libg_s.a(lib_a-init.o)
                              c:/freescale/kds_v3/toolchain/bin/../lib/gcc/arm-none-eabi/4.8.4/../../../../arm-none-eabi/lib/armv6-m/crt0.o (__libc_init_array)
c:/freescale/kds_v3/toolchain/bin/../lib/gcc/arm-none-eabi/4.8.4/../../../../arm-none-eabi/lib/armv6-m\libg_s.a(lib_a-memcpy-stub.o)
                              ./Sources/main.o (memcpy)
c:/freescale/kds_v3/toolchain/bin/../lib/gcc/arm-none-eabi/4.8.4/../../../../arm-none-eabi/lib/armv6-m\libg_s.a(lib_a-memset.o)
                              c:/freescale/kds_v3/toolchain/bin/../lib/gcc/arm-none-eabi/4.8.4/../../../../arm-none-eabi/lib/armv6-m/crt0.o (memset)
c:/freescale/kds_v3/toolchain/bin/../lib/gcc/arm-none-eabi/4.8.4/../../../../arm-none-eabi/lib/armv6-m\libnosys.a(_exit.o)
                              c:/freescale/kds_v3/toolchain/bin/../lib/gcc/arm-none-eabi/4.8.4/../../../../arm-none-eabi/lib/armv6-m\libg_s.a(lib_a-exit.o) (_exit)

Discarded input sections

 .text          0x00000000        0x0 c:/freescale/kds_v3/toolchain/bin/../lib/gcc/arm-none-eabi/4.8.4/armv6-m/crti.o
 .data          0x00000000        0x0 c:/freescale/kds_v3/toolchain/bin/../lib/gcc/arm-none-eabi/4.8.4/armv6-m/crti.o
 .bss           0x00000000        0x0 c:/freescale/kds_v3/toolchain/bin/../lib/gcc/arm-none-eabi/4.8.4/armv6-m/crti.o
 .data          0x00000000        0x4 c:/freescale/kds_v3/toolchain/bin/../lib/gcc/arm-none-eabi/4.8.4/armv6-m/crtbegin.o
 .data          0x00000000        0x0 c:/freescale/kds_v3/toolchain/bin/../lib/gcc/arm-none-eabi/4.8.4/../../../../arm-none-eabi/lib/armv6-m/crt0.o
 .bss           0x00000000        0x0 c:/freescale/kds_v3/toolchain/bin/../lib/gcc/arm-none-eabi/4.8.4/../../../../arm-none-eabi/lib/armv6-m/crt0.o
 .ARM.extab     0x00000000        0x0 c:/freescale/kds_v3/toolchain/bin/../lib/gcc/arm-none-eabi/4.8.4/../../../../arm-none-eabi/lib/armv6-m/crt0.o
 .group         0x00000000        0x8 ./Sources/HAL/HAL_ADC0.o
 .group         0x00000000        0x8 ./Sources/HAL/HAL_ADC0.o
 .group         0x00000000        0x8 ./Sources/HAL/HAL_ADC0.o
 .group         0x00000000        0x8 ./Sources/HAL/HAL_ADC0.o
 .group         0x00000000        0x8 ./Sources/HAL/HAL_ADC0.o
 .group         0x00000000        0x8 ./Sources/HAL/HAL_ADC0.o
 .group         0x00000000        0x8 ./Sources/HAL/HAL_ADC0.o
 .group         0x00000000        0x8 ./Sources/HAL/HAL_ADC0.o
 .group         0x00000000        0x8 ./Sources/HAL/HAL_ADC0.o
 .group         0x00000000        0x8 ./Sources/HAL/HAL_ADC0.o
 .group         0x00000000        0x8 ./Sources/HAL/HAL_ADC0.o
 .text          0x00000000        0x0 ./Sources/HAL/HAL_ADC0.o
 .data          0x00000000        0x0 ./Sources/HAL/HAL_ADC0.o
 .bss           0x00000000        0x0 ./Sources/HAL/HAL_ADC0.o
 .group         0x00000000        0x8 ./Sources/HAL/HAL_GPIO.o
 .group         0x00000000        0x8 ./Sources/HAL/HAL_GPIO.o
 .group         0x00000000        0x8 ./Sources/HAL/HAL_GPIO.o
 .group         0x00000000        0x8 ./Sources/HAL/HAL_GPIO.o
 .group         0x00000000        0x8 ./Sources/HAL/HAL_GPIO.o
 .group         0x00000000        0x8 ./Sources/HAL/HAL_GPIO.o
 .group         0x00000000        0x8 ./Sources/HAL/HAL_GPIO.o
 .group         0x00000000        0x8 ./Sources/HAL/HAL_GPIO.o
 .group         0x00000000        0x8 ./Sources/HAL/HAL_GPIO.o
 .group         0x00000000        0x8 ./Sources/HAL/HAL_GPIO.o
 .group         0x00000000        0x8 ./Sources/HAL/HAL_GPIO.o
 .group         0x00000000        0x8 ./Sources/HAL/HAL_GPIO.o
 .group         0x00000000        0x8 ./Sources/HAL/HAL_GPIO.o
 .group         0x00000000        0x8 ./Sources/HAL/HAL_GPIO.o
 .group         0x00000000        0x8 ./Sources/HAL/HAL_GPIO.o
 .group         0x00000000        0x8 ./Sources/HAL/HAL_GPIO.o
 .group         0x00000000        0x8 ./Sources/HAL/HAL_GPIO.o
 .group         0x00000000        0x8 ./Sources/HAL/HAL_GPIO.o
 .group         0x00000000        0x8 ./Sources/HAL/HAL_GPIO.o
 .group         0x00000000        0x8 ./Sources/HAL/HAL_GPIO.o
 .group         0x00000000        0x8 ./Sources/HAL/HAL_GPIO.o
 .group         0x00000000        0x8 ./Sources/HAL/HAL_GPIO.o
 .text          0x00000000        0x0 ./Sources/HAL/HAL_GPIO.o
 .data          0x00000000        0x0 ./Sources/HAL/HAL_GPIO.o
 .bss           0x00000000        0x0 ./Sources/HAL/HAL_GPIO.o
 .text.HAL_GPIO_read_PIN
                0x00000000       0x48 ./Sources/HAL/HAL_GPIO.o
 .text.HAL_GPIO_toggle_PIN
                0x00000000       0x40 ./Sources/HAL/HAL_GPIO.o
 .debug_macro   0x00000000      0x802 ./Sources/HAL/HAL_GPIO.o
 .debug_macro   0x00000000       0x16 ./Sources/HAL/HAL_GPIO.o
 .debug_macro   0x00000000       0x16 ./Sources/HAL/HAL_GPIO.o
 .debug_macro   0x00000000       0x44 ./Sources/HAL/HAL_GPIO.o
 .debug_macro   0x00000000      0x209 ./Sources/HAL/HAL_GPIO.o
 .debug_macro   0x00000000       0x3a ./Sources/HAL/HAL_GPIO.o
 .debug_macro   0x00000000       0x3a ./Sources/HAL/HAL_GPIO.o
 .debug_macro   0x00000000       0x26 ./Sources/HAL/HAL_GPIO.o
 .debug_macro   0x00000000      0x306 ./Sources/HAL/HAL_GPIO.o
 .debug_macro   0x00000000       0x6b ./Sources/HAL/HAL_GPIO.o
 .debug_macro   0x00000000     0xd132 ./Sources/HAL/HAL_GPIO.o
 .group         0x00000000        0x8 ./Sources/HAL/HAL_PIT.o
 .group         0x00000000        0x8 ./Sources/HAL/HAL_PIT.o
 .group         0x00000000        0x8 ./Sources/HAL/HAL_PIT.o
 .group         0x00000000        0x8 ./Sources/HAL/HAL_PIT.o
 .group         0x00000000        0x8 ./Sources/HAL/HAL_PIT.o
 .group         0x00000000        0x8 ./Sources/HAL/HAL_PIT.o
 .group         0x00000000        0x8 ./Sources/HAL/HAL_PIT.o
 .group         0x00000000        0x8 ./Sources/HAL/HAL_PIT.o
 .group         0x00000000        0x8 ./Sources/HAL/HAL_PIT.o
 .group         0x00000000        0x8 ./Sources/HAL/HAL_PIT.o
 .group         0x00000000        0x8 ./Sources/HAL/HAL_PIT.o
 .text          0x00000000        0x0 ./Sources/HAL/HAL_PIT.o
 .data          0x00000000        0x0 ./Sources/HAL/HAL_PIT.o
 .bss           0x00000000        0x0 ./Sources/HAL/HAL_PIT.o
 .debug_macro   0x00000000      0x802 ./Sources/HAL/HAL_PIT.o
 .debug_macro   0x00000000       0x16 ./Sources/HAL/HAL_PIT.o
 .debug_macro   0x00000000       0x16 ./Sources/HAL/HAL_PIT.o
 .debug_macro   0x00000000       0x44 ./Sources/HAL/HAL_PIT.o
 .debug_macro   0x00000000      0x209 ./Sources/HAL/HAL_PIT.o
 .debug_macro   0x00000000       0x3a ./Sources/HAL/HAL_PIT.o
 .debug_macro   0x00000000       0x3a ./Sources/HAL/HAL_PIT.o
 .debug_macro   0x00000000       0x26 ./Sources/HAL/HAL_PIT.o
 .debug_macro   0x00000000      0x306 ./Sources/HAL/HAL_PIT.o
 .debug_macro   0x00000000       0x6b ./Sources/HAL/HAL_PIT.o
 .debug_macro   0x00000000     0xd132 ./Sources/HAL/HAL_PIT.o
 .group         0x00000000        0x8 ./Sources/HAL/HAL_PORT.o
 .group         0x00000000        0x8 ./Sources/HAL/HAL_PORT.o
 .group         0x00000000        0x8 ./Sources/HAL/HAL_PORT.o
 .group         0x00000000        0x8 ./Sources/HAL/HAL_PORT.o
 .group         0x00000000        0x8 ./Sources/HAL/HAL_PORT.o
 .group         0x00000000        0x8 ./Sources/HAL/HAL_PORT.o
 .group         0x00000000        0x8 ./Sources/HAL/HAL_PORT.o
 .group         0x00000000        0x8 ./Sources/HAL/HAL_PORT.o
 .group         0x00000000        0x8 ./Sources/HAL/HAL_PORT.o
 .group         0x00000000        0x8 ./Sources/HAL/HAL_PORT.o
 .group         0x00000000        0x8 ./Sources/HAL/HAL_PORT.o
 .text          0x00000000        0x0 ./Sources/HAL/HAL_PORT.o
 .data          0x00000000        0x0 ./Sources/HAL/HAL_PORT.o
 .bss           0x00000000        0x0 ./Sources/HAL/HAL_PORT.o
 .debug_macro   0x00000000      0x802 ./Sources/HAL/HAL_PORT.o
 .debug_macro   0x00000000       0x16 ./Sources/HAL/HAL_PORT.o
 .debug_macro   0x00000000       0x16 ./Sources/HAL/HAL_PORT.o
 .debug_macro   0x00000000       0x44 ./Sources/HAL/HAL_PORT.o
 .debug_macro   0x00000000      0x209 ./Sources/HAL/HAL_PORT.o
 .debug_macro   0x00000000       0x3a ./Sources/HAL/HAL_PORT.o
 .debug_macro   0x00000000       0x3a ./Sources/HAL/HAL_PORT.o
 .debug_macro   0x00000000       0x26 ./Sources/HAL/HAL_PORT.o
 .debug_macro   0x00000000      0x306 ./Sources/HAL/HAL_PORT.o
 .debug_macro   0x00000000       0x6b ./Sources/HAL/HAL_PORT.o
 .debug_macro   0x00000000     0xd132 ./Sources/HAL/HAL_PORT.o
 .group         0x00000000        0x8 ./Sources/HAL/HAL_SIM.o
 .group         0x00000000        0x8 ./Sources/HAL/HAL_SIM.o
 .group         0x00000000        0x8 ./Sources/HAL/HAL_SIM.o
 .group         0x00000000        0x8 ./Sources/HAL/HAL_SIM.o
 .group         0x00000000        0x8 ./Sources/HAL/HAL_SIM.o
 .group         0x00000000        0x8 ./Sources/HAL/HAL_SIM.o
 .group         0x00000000        0x8 ./Sources/HAL/HAL_SIM.o
 .group         0x00000000        0x8 ./Sources/HAL/HAL_SIM.o
 .group         0x00000000        0x8 ./Sources/HAL/HAL_SIM.o
 .group         0x00000000        0x8 ./Sources/HAL/HAL_SIM.o
 .group         0x00000000        0x8 ./Sources/HAL/HAL_SIM.o
 .text          0x00000000        0x0 ./Sources/HAL/HAL_SIM.o
 .data          0x00000000        0x0 ./Sources/HAL/HAL_SIM.o
 .bss           0x00000000        0x0 ./Sources/HAL/HAL_SIM.o
 .debug_macro   0x00000000      0x802 ./Sources/HAL/HAL_SIM.o
 .debug_macro   0x00000000       0x16 ./Sources/HAL/HAL_SIM.o
 .debug_macro   0x00000000       0x16 ./Sources/HAL/HAL_SIM.o
 .debug_macro   0x00000000       0x44 ./Sources/HAL/HAL_SIM.o
 .debug_macro   0x00000000      0x209 ./Sources/HAL/HAL_SIM.o
 .debug_macro   0x00000000       0x3a ./Sources/HAL/HAL_SIM.o
 .debug_macro   0x00000000       0x3a ./Sources/HAL/HAL_SIM.o
 .debug_macro   0x00000000       0x26 ./Sources/HAL/HAL_SIM.o
 .debug_macro   0x00000000      0x306 ./Sources/HAL/HAL_SIM.o
 .debug_macro   0x00000000       0x6b ./Sources/HAL/HAL_SIM.o
 .debug_macro   0x00000000     0xd132 ./Sources/HAL/HAL_SIM.o
 .group         0x00000000        0x8 ./Sources/Driver/Driver_ADC0.o
 .group         0x00000000        0x8 ./Sources/Driver/Driver_ADC0.o
 .group         0x00000000        0x8 ./Sources/Driver/Driver_ADC0.o
 .group         0x00000000        0x8 ./Sources/Driver/Driver_ADC0.o
 .group         0x00000000        0x8 ./Sources/Driver/Driver_ADC0.o
 .group         0x00000000        0x8 ./Sources/Driver/Driver_ADC0.o
 .group         0x00000000        0x8 ./Sources/Driver/Driver_ADC0.o
 .group         0x00000000        0x8 ./Sources/Driver/Driver_ADC0.o
 .group         0x00000000        0x8 ./Sources/Driver/Driver_ADC0.o
 .group         0x00000000        0x8 ./Sources/Driver/Driver_ADC0.o
 .group         0x00000000        0x8 ./Sources/Driver/Driver_ADC0.o
 .group         0x00000000        0x8 ./Sources/Driver/Driver_ADC0.o
 .group         0x00000000        0x8 ./Sources/Driver/Driver_ADC0.o
 .group         0x00000000        0x8 ./Sources/Driver/Driver_ADC0.o
 .group         0x00000000        0x8 ./Sources/Driver/Driver_ADC0.o
 .text          0x00000000        0x0 ./Sources/Driver/Driver_ADC0.o
 .data          0x00000000        0x0 ./Sources/Driver/Driver_ADC0.o
 .bss           0x00000000        0x0 ./Sources/Driver/Driver_ADC0.o
 .debug_macro   0x00000000      0x802 ./Sources/Driver/Driver_ADC0.o
 .debug_macro   0x00000000       0x16 ./Sources/Driver/Driver_ADC0.o
 .debug_macro   0x00000000       0x44 ./Sources/Driver/Driver_ADC0.o
 .debug_macro   0x00000000      0x209 ./Sources/Driver/Driver_ADC0.o
 .debug_macro   0x00000000       0x58 ./Sources/Driver/Driver_ADC0.o
 .debug_macro   0x00000000       0x35 ./Sources/Driver/Driver_ADC0.o
 .debug_macro   0x00000000       0xa3 ./Sources/Driver/Driver_ADC0.o
 .debug_macro   0x00000000       0x16 ./Sources/Driver/Driver_ADC0.o
 .debug_macro   0x00000000      0x10e ./Sources/Driver/Driver_ADC0.o
 .debug_macro   0x00000000       0x7f ./Sources/Driver/Driver_ADC0.o
 .debug_macro   0x00000000       0x52 ./Sources/Driver/Driver_ADC0.o
 .debug_macro   0x00000000       0x16 ./Sources/Driver/Driver_ADC0.o
 .debug_macro   0x00000000       0x43 ./Sources/Driver/Driver_ADC0.o
 .debug_macro   0x00000000      0x180 ./Sources/Driver/Driver_ADC0.o
 .debug_macro   0x00000000       0x22 ./Sources/Driver/Driver_ADC0.o
 .group         0x00000000        0x8 ./Sources/Driver/Driver_GPIO.o
 .group         0x00000000        0x8 ./Sources/Driver/Driver_GPIO.o
 .group         0x00000000        0x8 ./Sources/Driver/Driver_GPIO.o
 .group         0x00000000        0x8 ./Sources/Driver/Driver_GPIO.o
 .group         0x00000000        0x8 ./Sources/Driver/Driver_GPIO.o
 .group         0x00000000        0x8 ./Sources/Driver/Driver_GPIO.o
 .group         0x00000000        0x8 ./Sources/Driver/Driver_GPIO.o
 .group         0x00000000        0x8 ./Sources/Driver/Driver_GPIO.o
 .group         0x00000000        0x8 ./Sources/Driver/Driver_GPIO.o
 .group         0x00000000        0x8 ./Sources/Driver/Driver_GPIO.o
 .group         0x00000000        0x8 ./Sources/Driver/Driver_GPIO.o
 .group         0x00000000        0x8 ./Sources/Driver/Driver_GPIO.o
 .group         0x00000000        0x8 ./Sources/Driver/Driver_GPIO.o
 .group         0x00000000        0x8 ./Sources/Driver/Driver_GPIO.o
 .group         0x00000000        0x8 ./Sources/Driver/Driver_GPIO.o
 .group         0x00000000        0x8 ./Sources/Driver/Driver_GPIO.o
 .group         0x00000000        0x8 ./Sources/Driver/Driver_GPIO.o
 .group         0x00000000        0x8 ./Sources/Driver/Driver_GPIO.o
 .group         0x00000000        0x8 ./Sources/Driver/Driver_GPIO.o
 .group         0x00000000        0x8 ./Sources/Driver/Driver_GPIO.o
 .group         0x00000000        0x8 ./Sources/Driver/Driver_GPIO.o
 .text          0x00000000        0x0 ./Sources/Driver/Driver_GPIO.o
 .data          0x00000000        0x0 ./Sources/Driver/Driver_GPIO.o
 .bss           0x00000000        0x0 ./Sources/Driver/Driver_GPIO.o
 .text.Driver_GPIO_set_pin_direction
                0x00000000       0x44 ./Sources/Driver/Driver_GPIO.o
 .text.Driver_GPIO_read_pin_state
                0x00000000       0x54 ./Sources/Driver/Driver_GPIO.o
 .text.Driver_GPIO_toggle_pin_state
                0x00000000       0x40 ./Sources/Driver/Driver_GPIO.o
 .debug_macro   0x00000000      0x802 ./Sources/Driver/Driver_GPIO.o
 .debug_macro   0x00000000       0x16 ./Sources/Driver/Driver_GPIO.o
 .debug_macro   0x00000000       0x44 ./Sources/Driver/Driver_GPIO.o
 .debug_macro   0x00000000      0x209 ./Sources/Driver/Driver_GPIO.o
 .debug_macro   0x00000000       0x3a ./Sources/Driver/Driver_GPIO.o
 .debug_macro   0x00000000       0x26 ./Sources/Driver/Driver_GPIO.o
 .debug_macro   0x00000000      0x306 ./Sources/Driver/Driver_GPIO.o
 .debug_macro   0x00000000       0x6b ./Sources/Driver/Driver_GPIO.o
 .debug_macro   0x00000000     0xd132 ./Sources/Driver/Driver_GPIO.o
 .debug_macro   0x00000000       0x58 ./Sources/Driver/Driver_GPIO.o
 .debug_macro   0x00000000       0x35 ./Sources/Driver/Driver_GPIO.o
 .debug_macro   0x00000000       0xa3 ./Sources/Driver/Driver_GPIO.o
 .debug_macro   0x00000000       0x16 ./Sources/Driver/Driver_GPIO.o
 .debug_macro   0x00000000      0x10e ./Sources/Driver/Driver_GPIO.o
 .debug_macro   0x00000000       0x7f ./Sources/Driver/Driver_GPIO.o
 .debug_macro   0x00000000       0x52 ./Sources/Driver/Driver_GPIO.o
 .debug_macro   0x00000000       0x16 ./Sources/Driver/Driver_GPIO.o
 .debug_macro   0x00000000       0x43 ./Sources/Driver/Driver_GPIO.o
 .debug_macro   0x00000000      0x180 ./Sources/Driver/Driver_GPIO.o
 .debug_macro   0x00000000       0x22 ./Sources/Driver/Driver_GPIO.o
 .group         0x00000000        0x8 ./Sources/Driver/Driver_PIT.o
 .group         0x00000000        0x8 ./Sources/Driver/Driver_PIT.o
 .group         0x00000000        0x8 ./Sources/Driver/Driver_PIT.o
 .group         0x00000000        0x8 ./Sources/Driver/Driver_PIT.o
 .group         0x00000000        0x8 ./Sources/Driver/Driver_PIT.o
 .group         0x00000000        0x8 ./Sources/Driver/Driver_PIT.o
 .group         0x00000000        0x8 ./Sources/Driver/Driver_PIT.o
 .group         0x00000000        0x8 ./Sources/Driver/Driver_PIT.o
 .group         0x00000000        0x8 ./Sources/Driver/Driver_PIT.o
 .group         0x00000000        0x8 ./Sources/Driver/Driver_PIT.o
 .group         0x00000000        0x8 ./Sources/Driver/Driver_PIT.o
 .group         0x00000000        0x8 ./Sources/Driver/Driver_PIT.o
 .group         0x00000000        0x8 ./Sources/Driver/Driver_PIT.o
 .group         0x00000000        0x8 ./Sources/Driver/Driver_PIT.o
 .group         0x00000000        0x8 ./Sources/Driver/Driver_PIT.o
 .text          0x00000000        0x0 ./Sources/Driver/Driver_PIT.o
 .data          0x00000000        0x0 ./Sources/Driver/Driver_PIT.o
 .bss           0x00000000        0x0 ./Sources/Driver/Driver_PIT.o
 .text.Driver_PIT_set_IRQ_flag
                0x00000000       0x28 ./Sources/Driver/Driver_PIT.o
 .debug_macro   0x00000000      0x802 ./Sources/Driver/Driver_PIT.o
 .debug_macro   0x00000000       0x16 ./Sources/Driver/Driver_PIT.o
 .debug_macro   0x00000000       0x44 ./Sources/Driver/Driver_PIT.o
 .debug_macro   0x00000000      0x209 ./Sources/Driver/Driver_PIT.o
 .debug_macro   0x00000000       0x58 ./Sources/Driver/Driver_PIT.o
 .debug_macro   0x00000000       0x35 ./Sources/Driver/Driver_PIT.o
 .debug_macro   0x00000000       0xa3 ./Sources/Driver/Driver_PIT.o
 .debug_macro   0x00000000       0x16 ./Sources/Driver/Driver_PIT.o
 .debug_macro   0x00000000      0x10e ./Sources/Driver/Driver_PIT.o
 .debug_macro   0x00000000       0x7f ./Sources/Driver/Driver_PIT.o
 .debug_macro   0x00000000       0x52 ./Sources/Driver/Driver_PIT.o
 .debug_macro   0x00000000       0x16 ./Sources/Driver/Driver_PIT.o
 .debug_macro   0x00000000       0x43 ./Sources/Driver/Driver_PIT.o
 .debug_macro   0x00000000      0x180 ./Sources/Driver/Driver_PIT.o
 .debug_macro   0x00000000       0x22 ./Sources/Driver/Driver_PIT.o
 .group         0x00000000        0x8 ./Sources/Driver/Driver_PORT.o
 .group         0x00000000        0x8 ./Sources/Driver/Driver_PORT.o
 .group         0x00000000        0x8 ./Sources/Driver/Driver_PORT.o
 .group         0x00000000        0x8 ./Sources/Driver/Driver_PORT.o
 .group         0x00000000        0x8 ./Sources/Driver/Driver_PORT.o
 .group         0x00000000        0x8 ./Sources/Driver/Driver_PORT.o
 .group         0x00000000        0x8 ./Sources/Driver/Driver_PORT.o
 .group         0x00000000        0x8 ./Sources/Driver/Driver_PORT.o
 .group         0x00000000        0x8 ./Sources/Driver/Driver_PORT.o
 .group         0x00000000        0x8 ./Sources/Driver/Driver_PORT.o
 .group         0x00000000        0x8 ./Sources/Driver/Driver_PORT.o
 .text          0x00000000        0x0 ./Sources/Driver/Driver_PORT.o
 .data          0x00000000        0x0 ./Sources/Driver/Driver_PORT.o
 .bss           0x00000000        0x0 ./Sources/Driver/Driver_PORT.o
 .debug_macro   0x00000000      0x802 ./Sources/Driver/Driver_PORT.o
 .debug_macro   0x00000000       0x16 ./Sources/Driver/Driver_PORT.o
 .debug_macro   0x00000000       0x16 ./Sources/Driver/Driver_PORT.o
 .debug_macro   0x00000000       0x44 ./Sources/Driver/Driver_PORT.o
 .debug_macro   0x00000000      0x209 ./Sources/Driver/Driver_PORT.o
 .debug_macro   0x00000000       0x3a ./Sources/Driver/Driver_PORT.o
 .debug_macro   0x00000000       0x3a ./Sources/Driver/Driver_PORT.o
 .debug_macro   0x00000000       0x26 ./Sources/Driver/Driver_PORT.o
 .debug_macro   0x00000000      0x306 ./Sources/Driver/Driver_PORT.o
 .debug_macro   0x00000000       0x6b ./Sources/Driver/Driver_PORT.o
 .debug_macro   0x00000000     0xd132 ./Sources/Driver/Driver_PORT.o
 .group         0x00000000        0x8 ./Sources/Driver/Driver_SIM.o
 .group         0x00000000        0x8 ./Sources/Driver/Driver_SIM.o
 .group         0x00000000        0x8 ./Sources/Driver/Driver_SIM.o
 .group         0x00000000        0x8 ./Sources/Driver/Driver_SIM.o
 .group         0x00000000        0x8 ./Sources/Driver/Driver_SIM.o
 .group         0x00000000        0x8 ./Sources/Driver/Driver_SIM.o
 .group         0x00000000        0x8 ./Sources/Driver/Driver_SIM.o
 .group         0x00000000        0x8 ./Sources/Driver/Driver_SIM.o
 .group         0x00000000        0x8 ./Sources/Driver/Driver_SIM.o
 .group         0x00000000        0x8 ./Sources/Driver/Driver_SIM.o
 .group         0x00000000        0x8 ./Sources/Driver/Driver_SIM.o
 .group         0x00000000        0x8 ./Sources/Driver/Driver_SIM.o
 .group         0x00000000        0x8 ./Sources/Driver/Driver_SIM.o
 .group         0x00000000        0x8 ./Sources/Driver/Driver_SIM.o
 .group         0x00000000        0x8 ./Sources/Driver/Driver_SIM.o
 .group         0x00000000        0x8 ./Sources/Driver/Driver_SIM.o
 .group         0x00000000        0x8 ./Sources/Driver/Driver_SIM.o
 .group         0x00000000        0x8 ./Sources/Driver/Driver_SIM.o
 .group         0x00000000        0x8 ./Sources/Driver/Driver_SIM.o
 .group         0x00000000        0x8 ./Sources/Driver/Driver_SIM.o
 .group         0x00000000        0x8 ./Sources/Driver/Driver_SIM.o
 .text          0x00000000        0x0 ./Sources/Driver/Driver_SIM.o
 .data          0x00000000        0x0 ./Sources/Driver/Driver_SIM.o
 .bss           0x00000000        0x0 ./Sources/Driver/Driver_SIM.o
 .debug_macro   0x00000000      0x802 ./Sources/Driver/Driver_SIM.o
 .debug_macro   0x00000000       0x16 ./Sources/Driver/Driver_SIM.o
 .debug_macro   0x00000000       0x44 ./Sources/Driver/Driver_SIM.o
 .debug_macro   0x00000000      0x209 ./Sources/Driver/Driver_SIM.o
 .debug_macro   0x00000000       0x4c ./Sources/Driver/Driver_SIM.o
 .debug_macro   0x00000000       0x3a ./Sources/Driver/Driver_SIM.o
 .debug_macro   0x00000000       0x26 ./Sources/Driver/Driver_SIM.o
 .debug_macro   0x00000000      0x306 ./Sources/Driver/Driver_SIM.o
 .debug_macro   0x00000000       0x6b ./Sources/Driver/Driver_SIM.o
 .debug_macro   0x00000000     0xd132 ./Sources/Driver/Driver_SIM.o
 .debug_macro   0x00000000       0x58 ./Sources/Driver/Driver_SIM.o
 .debug_macro   0x00000000       0x35 ./Sources/Driver/Driver_SIM.o
 .debug_macro   0x00000000       0xa3 ./Sources/Driver/Driver_SIM.o
 .debug_macro   0x00000000       0x16 ./Sources/Driver/Driver_SIM.o
 .debug_macro   0x00000000      0x10e ./Sources/Driver/Driver_SIM.o
 .debug_macro   0x00000000       0x7f ./Sources/Driver/Driver_SIM.o
 .debug_macro   0x00000000       0x52 ./Sources/Driver/Driver_SIM.o
 .debug_macro   0x00000000       0x16 ./Sources/Driver/Driver_SIM.o
 .debug_macro   0x00000000       0x43 ./Sources/Driver/Driver_SIM.o
 .debug_macro   0x00000000      0x180 ./Sources/Driver/Driver_SIM.o
 .debug_macro   0x00000000       0x22 ./Sources/Driver/Driver_SIM.o
 .group         0x00000000        0x8 ./Sources/main.o
 .group         0x00000000        0x8 ./Sources/main.o
 .group         0x00000000        0x8 ./Sources/main.o
 .group         0x00000000        0x8 ./Sources/main.o
 .text          0x00000000        0x0 ./Sources/main.o
 .data          0x00000000        0x0 ./Sources/main.o
 .bss           0x00000000        0x0 ./Sources/main.o
 .debug_macro   0x00000000      0x802 ./Sources/main.o
 .debug_macro   0x00000000       0x16 ./Sources/main.o
 .debug_macro   0x00000000       0x44 ./Sources/main.o
 .debug_macro   0x00000000      0x209 ./Sources/main.o
 .data          0x00000000        0x0 ./Project_Settings/Startup_Code/startup_MKL46Z4.o
 .bss           0x00000000        0x0 ./Project_Settings/Startup_Code/startup_MKL46Z4.o
 .group         0x00000000        0x8 ./Project_Settings/Startup_Code/system_MKL46Z4.o
 .group         0x00000000        0x8 ./Project_Settings/Startup_Code/system_MKL46Z4.o
 .group         0x00000000        0x8 ./Project_Settings/Startup_Code/system_MKL46Z4.o
 .group         0x00000000        0x8 ./Project_Settings/Startup_Code/system_MKL46Z4.o
 .group         0x00000000        0x8 ./Project_Settings/Startup_Code/system_MKL46Z4.o
 .group         0x00000000        0x8 ./Project_Settings/Startup_Code/system_MKL46Z4.o
 .group         0x00000000        0x8 ./Project_Settings/Startup_Code/system_MKL46Z4.o
 .group         0x00000000        0x8 ./Project_Settings/Startup_Code/system_MKL46Z4.o
 .group         0x00000000        0x8 ./Project_Settings/Startup_Code/system_MKL46Z4.o
 .group         0x00000000        0x8 ./Project_Settings/Startup_Code/system_MKL46Z4.o
 .text          0x00000000        0x0 ./Project_Settings/Startup_Code/system_MKL46Z4.o
 .data          0x00000000        0x0 ./Project_Settings/Startup_Code/system_MKL46Z4.o
 .bss           0x00000000        0x0 ./Project_Settings/Startup_Code/system_MKL46Z4.o
 .data.SystemCoreClock
                0x00000000        0x4 ./Project_Settings/Startup_Code/system_MKL46Z4.o
 .text.SystemCoreClockUpdate
                0x00000000      0x23c ./Project_Settings/Startup_Code/system_MKL46Z4.o
 .debug_macro   0x00000000      0x802 ./Project_Settings/Startup_Code/system_MKL46Z4.o
 .debug_macro   0x00000000       0x16 ./Project_Settings/Startup_Code/system_MKL46Z4.o
 .debug_macro   0x00000000       0x44 ./Project_Settings/Startup_Code/system_MKL46Z4.o
 .debug_macro   0x00000000      0x209 ./Project_Settings/Startup_Code/system_MKL46Z4.o
 .debug_macro   0x00000000       0x4c ./Project_Settings/Startup_Code/system_MKL46Z4.o
 .debug_macro   0x00000000       0x3a ./Project_Settings/Startup_Code/system_MKL46Z4.o
 .debug_macro   0x00000000       0x26 ./Project_Settings/Startup_Code/system_MKL46Z4.o
 .debug_macro   0x00000000      0x306 ./Project_Settings/Startup_Code/system_MKL46Z4.o
 .debug_macro   0x00000000       0x6b ./Project_Settings/Startup_Code/system_MKL46Z4.o
 .debug_macro   0x00000000     0xd132 ./Project_Settings/Startup_Code/system_MKL46Z4.o
 .data          0x00000000        0x0 c:/freescale/kds_v3/toolchain/bin/../lib/gcc/arm-none-eabi/4.8.4/armv6-m\libgcc.a(_udivsi3.o)
 .bss           0x00000000        0x0 c:/freescale/kds_v3/toolchain/bin/../lib/gcc/arm-none-eabi/4.8.4/armv6-m\libgcc.a(_udivsi3.o)
 .data          0x00000000        0x0 c:/freescale/kds_v3/toolchain/bin/../lib/gcc/arm-none-eabi/4.8.4/armv6-m\libgcc.a(_dvmd_tls.o)
 .bss           0x00000000        0x0 c:/freescale/kds_v3/toolchain/bin/../lib/gcc/arm-none-eabi/4.8.4/armv6-m\libgcc.a(_dvmd_tls.o)
 .text          0x00000000        0x0 c:/freescale/kds_v3/toolchain/bin/../lib/gcc/arm-none-eabi/4.8.4/../../../../arm-none-eabi/lib/armv6-m\libg_s.a(lib_a-exit.o)
 .data          0x00000000        0x0 c:/freescale/kds_v3/toolchain/bin/../lib/gcc/arm-none-eabi/4.8.4/../../../../arm-none-eabi/lib/armv6-m\libg_s.a(lib_a-exit.o)
 .bss           0x00000000        0x0 c:/freescale/kds_v3/toolchain/bin/../lib/gcc/arm-none-eabi/4.8.4/../../../../arm-none-eabi/lib/armv6-m\libg_s.a(lib_a-exit.o)
 .text          0x00000000        0x0 c:/freescale/kds_v3/toolchain/bin/../lib/gcc/arm-none-eabi/4.8.4/../../../../arm-none-eabi/lib/armv6-m\libg_s.a(lib_a-impure.o)
 .data          0x00000000        0x0 c:/freescale/kds_v3/toolchain/bin/../lib/gcc/arm-none-eabi/4.8.4/../../../../arm-none-eabi/lib/armv6-m\libg_s.a(lib_a-impure.o)
 .bss           0x00000000        0x0 c:/freescale/kds_v3/toolchain/bin/../lib/gcc/arm-none-eabi/4.8.4/../../../../arm-none-eabi/lib/armv6-m\libg_s.a(lib_a-impure.o)
 .data._impure_ptr
                0x00000000        0x4 c:/freescale/kds_v3/toolchain/bin/../lib/gcc/arm-none-eabi/4.8.4/../../../../arm-none-eabi/lib/armv6-m\libg_s.a(lib_a-impure.o)
 .text          0x00000000        0x0 c:/freescale/kds_v3/toolchain/bin/../lib/gcc/arm-none-eabi/4.8.4/../../../../arm-none-eabi/lib/armv6-m\libg_s.a(lib_a-init.o)
 .data          0x00000000        0x0 c:/freescale/kds_v3/toolchain/bin/../lib/gcc/arm-none-eabi/4.8.4/../../../../arm-none-eabi/lib/armv6-m\libg_s.a(lib_a-init.o)
 .bss           0x00000000        0x0 c:/freescale/kds_v3/toolchain/bin/../lib/gcc/arm-none-eabi/4.8.4/../../../../arm-none-eabi/lib/armv6-m\libg_s.a(lib_a-init.o)
 .text          0x00000000        0x0 c:/freescale/kds_v3/toolchain/bin/../lib/gcc/arm-none-eabi/4.8.4/../../../../arm-none-eabi/lib/armv6-m\libg_s.a(lib_a-memcpy-stub.o)
 .data          0x00000000        0x0 c:/freescale/kds_v3/toolchain/bin/../lib/gcc/arm-none-eabi/4.8.4/../../../../arm-none-eabi/lib/armv6-m\libg_s.a(lib_a-memcpy-stub.o)
 .bss           0x00000000        0x0 c:/freescale/kds_v3/toolchain/bin/../lib/gcc/arm-none-eabi/4.8.4/../../../../arm-none-eabi/lib/armv6-m\libg_s.a(lib_a-memcpy-stub.o)
 .text          0x00000000        0x0 c:/freescale/kds_v3/toolchain/bin/../lib/gcc/arm-none-eabi/4.8.4/../../../../arm-none-eabi/lib/armv6-m\libg_s.a(lib_a-memset.o)
 .data          0x00000000        0x0 c:/freescale/kds_v3/toolchain/bin/../lib/gcc/arm-none-eabi/4.8.4/../../../../arm-none-eabi/lib/armv6-m\libg_s.a(lib_a-memset.o)
 .bss           0x00000000        0x0 c:/freescale/kds_v3/toolchain/bin/../lib/gcc/arm-none-eabi/4.8.4/../../../../arm-none-eabi/lib/armv6-m\libg_s.a(lib_a-memset.o)
 .text          0x00000000        0x0 c:/freescale/kds_v3/toolchain/bin/../lib/gcc/arm-none-eabi/4.8.4/../../../../arm-none-eabi/lib/armv6-m\libnosys.a(_exit.o)
 .data          0x00000000        0x0 c:/freescale/kds_v3/toolchain/bin/../lib/gcc/arm-none-eabi/4.8.4/../../../../arm-none-eabi/lib/armv6-m\libnosys.a(_exit.o)
 .bss           0x00000000        0x0 c:/freescale/kds_v3/toolchain/bin/../lib/gcc/arm-none-eabi/4.8.4/../../../../arm-none-eabi/lib/armv6-m\libnosys.a(_exit.o)
 .text          0x00000000        0x0 c:/freescale/kds_v3/toolchain/bin/../lib/gcc/arm-none-eabi/4.8.4/armv6-m/crtend.o
 .data          0x00000000        0x0 c:/freescale/kds_v3/toolchain/bin/../lib/gcc/arm-none-eabi/4.8.4/armv6-m/crtend.o
 .bss           0x00000000        0x0 c:/freescale/kds_v3/toolchain/bin/../lib/gcc/arm-none-eabi/4.8.4/armv6-m/crtend.o
 .eh_frame      0x00000000        0x4 c:/freescale/kds_v3/toolchain/bin/../lib/gcc/arm-none-eabi/4.8.4/armv6-m/crtend.o
 .text          0x00000000        0x0 c:/freescale/kds_v3/toolchain/bin/../lib/gcc/arm-none-eabi/4.8.4/armv6-m/crtn.o
 .data          0x00000000        0x0 c:/freescale/kds_v3/toolchain/bin/../lib/gcc/arm-none-eabi/4.8.4/armv6-m/crtn.o
 .bss           0x00000000        0x0 c:/freescale/kds_v3/toolchain/bin/../lib/gcc/arm-none-eabi/4.8.4/armv6-m/crtn.o

Memory Configuration

Name             Origin             Length             Attributes
m_interrupts     0x00000000         0x00000100         xr
m_flash_config   0x00000400         0x00000010         xr
m_text           0x00000410         0x0003fbf0         xr
m_data           0x1fffe000         0x00008000         rw
*default*        0x00000000         0xffffffff

Linker script and memory map

LOAD c:/freescale/kds_v3/toolchain/bin/../lib/gcc/arm-none-eabi/4.8.4/armv6-m/crti.o
LOAD c:/freescale/kds_v3/toolchain/bin/../lib/gcc/arm-none-eabi/4.8.4/armv6-m/crtbegin.o
LOAD c:/freescale/kds_v3/toolchain/bin/../lib/gcc/arm-none-eabi/4.8.4/../../../../arm-none-eabi/lib/armv6-m/crt0.o
LOAD ./Sources/HAL/HAL_ADC0.o
LOAD ./Sources/HAL/HAL_GPIO.o
LOAD ./Sources/HAL/HAL_PIT.o
LOAD ./Sources/HAL/HAL_PORT.o
LOAD ./Sources/HAL/HAL_SIM.o
LOAD ./Sources/Driver/Driver_ADC0.o
LOAD ./Sources/Driver/Driver_GPIO.o
LOAD ./Sources/Driver/Driver_PIT.o
LOAD ./Sources/Driver/Driver_PORT.o
LOAD ./Sources/Driver/Driver_SIM.o
LOAD ./Sources/main.o
LOAD ./Project_Settings/Startup_Code/startup_MKL46Z4.o
LOAD ./Project_Settings/Startup_Code/system_MKL46Z4.o
LOAD c:/freescale/kds_v3/toolchain/bin/../lib/gcc/arm-none-eabi/4.8.4/../../../../arm-none-eabi/lib/armv6-m\libstdc++_s.a
LOAD c:/freescale/kds_v3/toolchain/bin/../lib/gcc/arm-none-eabi/4.8.4/../../../../arm-none-eabi/lib/armv6-m\libm.a
START GROUP
LOAD c:/freescale/kds_v3/toolchain/bin/../lib/gcc/arm-none-eabi/4.8.4/armv6-m\libgcc.a
LOAD c:/freescale/kds_v3/toolchain/bin/../lib/gcc/arm-none-eabi/4.8.4/../../../../arm-none-eabi/lib/armv6-m\libg_s.a
LOAD c:/freescale/kds_v3/toolchain/bin/../lib/gcc/arm-none-eabi/4.8.4/../../../../arm-none-eabi/lib/armv6-m\libc_s.a
END GROUP
START GROUP
LOAD c:/freescale/kds_v3/toolchain/bin/../lib/gcc/arm-none-eabi/4.8.4/armv6-m\libgcc.a
LOAD c:/freescale/kds_v3/toolchain/bin/../lib/gcc/arm-none-eabi/4.8.4/../../../../arm-none-eabi/lib/armv6-m\libc_s.a
LOAD c:/freescale/kds_v3/toolchain/bin/../lib/gcc/arm-none-eabi/4.8.4/../../../../arm-none-eabi/lib/armv6-m\libnosys.a
END GROUP
START GROUP
LOAD c:/freescale/kds_v3/toolchain/bin/../lib/gcc/arm-none-eabi/4.8.4/armv6-m\libgcc.a
LOAD c:/freescale/kds_v3/toolchain/bin/../lib/gcc/arm-none-eabi/4.8.4/../../../../arm-none-eabi/lib/armv6-m\libc_s.a
LOAD c:/freescale/kds_v3/toolchain/bin/../lib/gcc/arm-none-eabi/4.8.4/../../../../arm-none-eabi/lib/armv6-m\libnosys.a
END GROUP
LOAD c:/freescale/kds_v3/toolchain/bin/../lib/gcc/arm-none-eabi/4.8.4/armv6-m/crtend.o
LOAD c:/freescale/kds_v3/toolchain/bin/../lib/gcc/arm-none-eabi/4.8.4/armv6-m/crtn.o
                0x00000400                HEAP_SIZE = DEFINED (__heap_size__)?__heap_size__:0x400
                0x00000400                STACK_SIZE = DEFINED (__stack_size__)?__stack_size__:0x400

.interrupts     0x00000000       0xc0
                0x00000000                __VECTOR_TABLE = .
                0x00000000                . = ALIGN (0x4)
 *(.isr_vector)
 .isr_vector    0x00000000       0xc0 ./Project_Settings/Startup_Code/startup_MKL46Z4.o
                0x00000000                __isr_vector
                0x000000c0                . = ALIGN (0x4)

.flash_config   0x00000400       0x10
                0x00000400                . = ALIGN (0x4)
 *(.FlashConfig)
 .FlashConfig   0x00000400       0x10 ./Project_Settings/Startup_Code/startup_MKL46Z4.o
                0x00000410                . = ALIGN (0x4)

.text           0x00000410     0x15b8
                0x00000410                . = ALIGN (0x4)
 *(.text)
 .text          0x00000410       0x60 c:/freescale/kds_v3/toolchain/bin/../lib/gcc/arm-none-eabi/4.8.4/armv6-m/crtbegin.o
 .text          0x00000470       0x78 c:/freescale/kds_v3/toolchain/bin/../lib/gcc/arm-none-eabi/4.8.4/../../../../arm-none-eabi/lib/armv6-m/crt0.o
                0x00000470                _start
                0x00000470                _mainCRTStartup
 .text          0x000004e8       0x34 ./Project_Settings/Startup_Code/startup_MKL46Z4.o
                0x000004e8                Reset_Handler
                0x00000514                HardFault_Handler
                0x00000514                SysTick_Handler
                0x00000514                PendSV_Handler
                0x00000514                NMI_Handler
                0x00000514                PORTC_PORTD_IRQHandler
                0x00000514                I2C1_IRQHandler
                0x00000514                UART1_IRQHandler
                0x00000514                DMA2_IRQHandler
                0x00000514                TPM0_IRQHandler
                0x00000514                I2S0_IRQHandler
                0x00000514                LLWU_IRQHandler
                0x00000514                TSI0_IRQHandler
                0x00000514                UART0_IRQHandler
                0x00000514                ADC0_IRQHandler
                0x00000514                SPI1_IRQHandler
                0x00000514                DefaultISR
                0x00000514                TPM2_IRQHandler
                0x00000514                RTC_IRQHandler
                0x00000514                I2C0_IRQHandler
                0x00000514                LCD_IRQHandler
                0x00000514                RTC_Seconds_IRQHandler
                0x00000514                MCG_IRQHandler
                0x00000514                UART2_IRQHandler
                0x00000514                Reserved20_IRQHandler
                0x00000514                USB0_IRQHandler
                0x00000514                SVC_Handler
                0x00000514                DMA3_IRQHandler
                0x00000514                DMA0_IRQHandler
                0x00000514                DAC0_IRQHandler
                0x00000514                TPM1_IRQHandler
                0x00000514                LVD_LVW_IRQHandler
                0x00000514                SPI0_IRQHandler
                0x00000514                PORTA_IRQHandler
                0x00000514                FTFA_IRQHandler
                0x00000514                LPTMR0_IRQHandler
                0x00000514                CMP0_IRQHandler
                0x00000514                DMA1_IRQHandler
 .text          0x0000051c       0x9c c:/freescale/kds_v3/toolchain/bin/../lib/gcc/arm-none-eabi/4.8.4/armv6-m\libgcc.a(_udivsi3.o)
                0x0000051c                __aeabi_uidiv
                0x0000051c                __udivsi3
                0x000005a4                __aeabi_uidivmod
 .text          0x000005b8        0x4 c:/freescale/kds_v3/toolchain/bin/../lib/gcc/arm-none-eabi/4.8.4/armv6-m\libgcc.a(_dvmd_tls.o)
                0x000005b8                __aeabi_idiv0
                0x000005b8                __aeabi_ldiv0
 *(.text*)
 .text.HAL_ADC0_SC1n_set_AIEN
                0x000005bc       0x74 ./Sources/HAL/HAL_ADC0.o
                0x000005bc                HAL_ADC0_SC1n_set_AIEN
 .text.HAL_ADC0_SC1n_set_DIFF
                0x00000630       0x74 ./Sources/HAL/HAL_ADC0.o
                0x00000630                HAL_ADC0_SC1n_set_DIFF
 .text.HAL_ADC0_SC1n_set_ADCH
                0x000006a4       0x8c ./Sources/HAL/HAL_ADC0.o
                0x000006a4                HAL_ADC0_SC1n_set_ADCH
 .text.HAL_ADC0_SC1n_read_COCO_flag
                0x00000730       0x4c ./Sources/HAL/HAL_ADC0.o
                0x00000730                HAL_ADC0_SC1n_read_COCO_flag
 .text.HAL_ADC0_CFG1_set_ADICLK
                0x0000077c       0x44 ./Sources/HAL/HAL_ADC0.o
                0x0000077c                HAL_ADC0_CFG1_set_ADICLK
 .text.HAL_ADC0_CFG1_set_MODE
                0x000007c0       0x48 ./Sources/HAL/HAL_ADC0.o
                0x000007c0                HAL_ADC0_CFG1_set_MODE
 .text.HAL_ADC0_CFG1_set_ADLSMP
                0x00000808       0x48 ./Sources/HAL/HAL_ADC0.o
                0x00000808                HAL_ADC0_CFG1_set_ADLSMP
 .text.HAL_ADC0_CFG1_set_ADIV
                0x00000850       0x48 ./Sources/HAL/HAL_ADC0.o
                0x00000850                HAL_ADC0_CFG1_set_ADIV
 .text.HAL_ADC0_Rn_read_digital_value
                0x00000898       0x5c ./Sources/HAL/HAL_ADC0.o
                0x00000898                HAL_ADC0_Rn_read_digital_value
 .text.HAL_GPIO_set_direct_PIN
                0x000008f4       0x74 ./Sources/HAL/HAL_GPIO.o
                0x000008f4                HAL_GPIO_set_direct_PIN
 .text.HAL_GPIO_write_PIN
                0x00000968       0x68 ./Sources/HAL/HAL_GPIO.o
                0x00000968                HAL_GPIO_write_PIN
 .text.NVIC_EnableIRQ
                0x000009d0       0x2c ./Sources/HAL/HAL_PIT.o
 .text.HAL_PIT_MCR_set_MDIS
                0x000009fc       0x44 ./Sources/HAL/HAL_PIT.o
                0x000009fc                HAL_PIT_MCR_set_MDIS
 .text.HAL_PIT_MCR_set_FRZ
                0x00000a40       0x44 ./Sources/HAL/HAL_PIT.o
                0x00000a40                HAL_PIT_MCR_set_FRZ
 .text.HAL_PIT_LDVALn_set_TSV
                0x00000a84       0x40 ./Sources/HAL/HAL_PIT.o
                0x00000a84                HAL_PIT_LDVALn_set_TSV
 .text.HAL_PIT_TCTRLn_set_CHN
                0x00000ac4       0x9c ./Sources/HAL/HAL_PIT.o
                0x00000ac4                HAL_PIT_TCTRLn_set_CHN
 .text.HAL_PIT_TCTRLn_set_TIE
                0x00000b60       0x9c ./Sources/HAL/HAL_PIT.o
                0x00000b60                HAL_PIT_TCTRLn_set_TIE
 .text.HAL_PIT_TCTRLn_set_TEN
                0x00000bfc       0x9c ./Sources/HAL/HAL_PIT.o
                0x00000bfc                HAL_PIT_TCTRLn_set_TEN
 .text.HAL_PIT_TFLGn_read_TIF
                0x00000c98       0x60 ./Sources/HAL/HAL_PIT.o
                0x00000c98                HAL_PIT_TFLGn_read_TIF
 .text.HAL_PIT_TFLGn_set_TIF
                0x00000cf8       0x40 ./Sources/HAL/HAL_PIT.o
                0x00000cf8                HAL_PIT_TFLGn_set_TIF
 .text.HAL_PIT_enable_IRQ_Handler
                0x00000d38       0x10 ./Sources/HAL/HAL_PIT.o
                0x00000d38                HAL_PIT_enable_IRQ_Handler
 .text.HAL_PORT_PCR_set_MUX_pin
                0x00000d48       0x50 ./Sources/HAL/HAL_PORT.o
                0x00000d48                HAL_PORT_PCR_set_MUX_pin
 .text.HAL_PORT_PCR_set_Pull_pin
                0x00000d98       0x50 ./Sources/HAL/HAL_PORT.o
                0x00000d98                HAL_PORT_PCR_set_Pull_pin
 .text.HAL_SIM_SCGC5_set_clock_PORTA
                0x00000de8       0x60 ./Sources/HAL/HAL_SIM.o
                0x00000de8                HAL_SIM_SCGC5_set_clock_PORTA
 .text.HAL_SIM_SCGC5_set_clock_PORTB
                0x00000e48       0x60 ./Sources/HAL/HAL_SIM.o
                0x00000e48                HAL_SIM_SCGC5_set_clock_PORTB
 .text.HAL_SIM_SCGC5_set_clock_PORTC
                0x00000ea8       0x60 ./Sources/HAL/HAL_SIM.o
                0x00000ea8                HAL_SIM_SCGC5_set_clock_PORTC
 .text.HAL_SIM_SCGC5_set_clock_PORTD
                0x00000f08       0x60 ./Sources/HAL/HAL_SIM.o
                0x00000f08                HAL_SIM_SCGC5_set_clock_PORTD
 .text.HAL_SIM_SCGC5_set_clock_PORTE
                0x00000f68       0x60 ./Sources/HAL/HAL_SIM.o
                0x00000f68                HAL_SIM_SCGC5_set_clock_PORTE
 .text.HAL_SIM_SCGC6_set_clock_ADC0
                0x00000fc8       0x60 ./Sources/HAL/HAL_SIM.o
                0x00000fc8                HAL_SIM_SCGC6_set_clock_ADC0
 .text.HAL_SIM_SCGC6_set_clock_PIT
                0x00001028       0x60 ./Sources/HAL/HAL_SIM.o
                0x00001028                HAL_SIM_SCGC6_set_clock_PIT
 .text.Driver_ADC0_init_ADC
                0x00001088       0x28 ./Sources/Driver/Driver_ADC0.o
                0x00001088                Driver_ADC0_init_ADC
 .text.Driver_ADC0_config_SC1n
                0x000010b0       0xcc ./Sources/Driver/Driver_ADC0.o
                0x000010b0                Driver_ADC0_config_SC1n
 .text.Driver_ADC0_config_CFG1
                0x0000117c       0x40 ./Sources/Driver/Driver_ADC0.o
                0x0000117c                Driver_ADC0_config_CFG1
 .text.Driver_ADC0_input_channel
                0x000011bc       0x3c ./Sources/Driver/Driver_ADC0.o
                0x000011bc                Driver_ADC0_input_channel
 .text.Driver_ADC0_read_Digital_value
                0x000011f8       0x20 ./Sources/Driver/Driver_ADC0.o
                0x000011f8                Driver_ADC0_read_Digital_value
 .text.Driver_ADC0_read_conversion_flag
                0x00001218       0x20 ./Sources/Driver/Driver_ADC0.o
                0x00001218                Driver_ADC0_read_conversion_flag
 .text.Driver_GPIO_init_pin
                0x00001238       0x84 ./Sources/Driver/Driver_GPIO.o
                0x00001238                Driver_GPIO_init_pin
 .text.Driver_GPIO_set_pin_State
                0x000012bc       0x44 ./Sources/Driver/Driver_GPIO.o
                0x000012bc                Driver_GPIO_set_pin_State
 .text.Driver_PIT_register_callabck
                0x00001300       0x1c ./Sources/Driver/Driver_PIT.o
                0x00001300                Driver_PIT_register_callabck
 .text.PIT_IRQHandler
                0x0000131c       0x50 ./Sources/Driver/Driver_PIT.o
                0x0000131c                PIT_IRQHandler
 .text.Driver_PIT_init
                0x0000136c       0x44 ./Sources/Driver/Driver_PIT.o
                0x0000136c                Driver_PIT_init
 .text.Driver_PIT_config_MCR
                0x000013b0       0x2c ./Sources/Driver/Driver_PIT.o
                0x000013b0                Driver_PIT_config_MCR
 .text.Driver_PIT_select_freeze_mode
                0x000013dc       0x28 ./Sources/Driver/Driver_PIT.o
                0x000013dc                Driver_PIT_select_freeze_mode
 .text.Driver_PIT_select_module_state
                0x00001404       0x24 ./Sources/Driver/Driver_PIT.o
                0x00001404                Driver_PIT_select_module_state
 .text.Driver_PIT_set_load_value
                0x00001428       0x2c ./Sources/Driver/Driver_PIT.o
                0x00001428                Driver_PIT_set_load_value
 .text.Driver_PIT_config_TCTRLn
                0x00001454       0x48 ./Sources/Driver/Driver_PIT.o
                0x00001454                Driver_PIT_config_TCTRLn
 .text.Driver_PIT_select_Timer_state
                0x0000149c       0x3c ./Sources/Driver/Driver_PIT.o
                0x0000149c                Driver_PIT_select_Timer_state
 .text.Driver_PIT_select_IRQ_state
                0x000014d8       0x3c ./Sources/Driver/Driver_PIT.o
                0x000014d8                Driver_PIT_select_IRQ_state
 .text.Driver_PIT_select_Chain_Mode
                0x00001514       0x3c ./Sources/Driver/Driver_PIT.o
                0x00001514                Driver_PIT_select_Chain_Mode
 .text.Driver_PORT_set_MUX_pin
                0x00001550       0x54 ./Sources/Driver/Driver_PORT.o
                0x00001550                Driver_PORT_set_MUX_pin
 .text.Driver_PORT_set_pull_pin
                0x000015a4       0x5c ./Sources/Driver/Driver_PORT.o
                0x000015a4                Driver_PORT_set_pull_pin
 .text.Driver_SIM_SCGC5_init_clock
                0x00001600       0x48 ./Sources/Driver/Driver_SIM.o
                0x00001600                Driver_SIM_SCGC5_init_clock
 .text.Driver_SIM_SCGC6_init_clock
                0x00001648       0x2c ./Sources/Driver/Driver_SIM.o
                0x00001648                Driver_SIM_SCGC6_init_clock
 .text.software_PWM
                0x00001674       0x30 ./Sources/main.o
                0x00001674                software_PWM
 .text.Update_ticks_PIT_IRQ
                0x000016a4       0x28 ./Sources/main.o
                0x000016a4                Update_ticks_PIT_IRQ
 .text.get_light_value
                0x000016cc       0x48 ./Sources/main.o
                0x000016cc                get_light_value
 .text.get_duty_cycle
                0x00001714       0x60 ./Sources/main.o
                0x00001714                get_duty_cycle
 .text.control_green_LED
                0x00001774       0x44 ./Sources/main.o
                0x00001774                control_green_LED
 .text.main     0x000017b8      0x120 ./Sources/main.o
                0x000017b8                main
 .text.SystemInit
                0x000018d8       0x18 ./Project_Settings/Startup_Code/system_MKL46Z4.o
                0x000018d8                SystemInit
 .text.exit     0x000018f0       0x2c c:/freescale/kds_v3/toolchain/bin/../lib/gcc/arm-none-eabi/4.8.4/../../../../arm-none-eabi/lib/armv6-m\libg_s.a(lib_a-exit.o)
                0x000018f0                exit
 .text.__libc_init_array
                0x0000191c       0x4c c:/freescale/kds_v3/toolchain/bin/../lib/gcc/arm-none-eabi/4.8.4/../../../../arm-none-eabi/lib/armv6-m\libg_s.a(lib_a-init.o)
                0x0000191c                __libc_init_array
 .text.memcpy   0x00001968       0x12 c:/freescale/kds_v3/toolchain/bin/../lib/gcc/arm-none-eabi/4.8.4/../../../../arm-none-eabi/lib/armv6-m\libg_s.a(lib_a-memcpy-stub.o)
                0x00001968                memcpy
 .text.memset   0x0000197a       0x10 c:/freescale/kds_v3/toolchain/bin/../lib/gcc/arm-none-eabi/4.8.4/../../../../arm-none-eabi/lib/armv6-m\libg_s.a(lib_a-memset.o)
                0x0000197a                memset
 *fill*         0x0000198a        0x2 
 .text._exit    0x0000198c        0x4 c:/freescale/kds_v3/toolchain/bin/../lib/gcc/arm-none-eabi/4.8.4/../../../../arm-none-eabi/lib/armv6-m\libnosys.a(_exit.o)
                0x0000198c                _exit
 *(.rodata)
 .rodata        0x00001990       0x18 ./Sources/main.o
 *(.rodata*)
 .rodata.str1.1
                0x000019a8        0x2 c:/freescale/kds_v3/toolchain/bin/../lib/gcc/arm-none-eabi/4.8.4/../../../../arm-none-eabi/lib/armv6-m\libg_s.a(lib_a-impure.o)
 *fill*         0x000019aa        0x2 
 .rodata._global_impure_ptr
                0x000019ac        0x4 c:/freescale/kds_v3/toolchain/bin/../lib/gcc/arm-none-eabi/4.8.4/../../../../arm-none-eabi/lib/armv6-m\libg_s.a(lib_a-impure.o)
                0x000019ac                _global_impure_ptr
 *(.glue_7)
 .glue_7        0x00000000        0x0 linker stubs
 *(.glue_7t)
 .glue_7t       0x00000000        0x0 linker stubs
 *(.eh_frame)
 .eh_frame      0x000019b0        0x0 c:/freescale/kds_v3/toolchain/bin/../lib/gcc/arm-none-eabi/4.8.4/armv6-m/crtbegin.o
 *(.init)
 .init          0x000019b0        0x4 c:/freescale/kds_v3/toolchain/bin/../lib/gcc/arm-none-eabi/4.8.4/armv6-m/crti.o
                0x000019b0                _init
 .init          0x000019b4        0x8 c:/freescale/kds_v3/toolchain/bin/../lib/gcc/arm-none-eabi/4.8.4/armv6-m/crtn.o
 *(.fini)
 .fini          0x000019bc        0x4 c:/freescale/kds_v3/toolchain/bin/../lib/gcc/arm-none-eabi/4.8.4/armv6-m/crti.o
                0x000019bc                _fini
 .fini          0x000019c0        0x8 c:/freescale/kds_v3/toolchain/bin/../lib/gcc/arm-none-eabi/4.8.4/armv6-m/crtn.o
                0x000019c8                . = ALIGN (0x4)

.vfp11_veneer   0x000019c8        0x0
 .vfp11_veneer  0x00000000        0x0 linker stubs

.v4_bx          0x000019c8        0x0
 .v4_bx         0x00000000        0x0 linker stubs

.iplt           0x000019c8        0x0
 .iplt          0x00000000        0x0 c:/freescale/kds_v3/toolchain/bin/../lib/gcc/arm-none-eabi/4.8.4/armv6-m/crtbegin.o

.ARM.extab
 *(.ARM.extab* .gnu.linkonce.armextab.*)

.ARM            0x000019c8        0x8
                0x000019c8                __exidx_start = .
 *(.ARM.exidx*)
 .ARM.exidx     0x000019c8        0x8 c:/freescale/kds_v3/toolchain/bin/../lib/gcc/arm-none-eabi/4.8.4/../../../../arm-none-eabi/lib/armv6-m/crt0.o
                0x000019d0                __exidx_end = .

.rel.dyn        0x000019d0        0x0
 .rel.iplt      0x00000000        0x0 c:/freescale/kds_v3/toolchain/bin/../lib/gcc/arm-none-eabi/4.8.4/armv6-m/crtbegin.o

.ctors          0x000019d0        0x0
                0x000019d0                __CTOR_LIST__ = .
 *crtbegin.o(.ctors)
 *crtbegin?.o(.ctors)
 *(EXCLUDE_FILE(*crtend.o *crtend?.o) .ctors)
 *(SORT(.ctors.*))
 *(.ctors)
                0x000019d0                __CTOR_END__ = .

.dtors          0x000019d0        0x0
                0x000019d0                __DTOR_LIST__ = .
 *crtbegin.o(.dtors)
 *crtbegin?.o(.dtors)
 *(EXCLUDE_FILE(*crtend.o *crtend?.o) .dtors)
 *(SORT(.dtors.*))
 *(.dtors)
                0x000019d0                __DTOR_END__ = .

.preinit_array  0x000019d0        0x0
                0x000019d0                PROVIDE (__preinit_array_start, .)
 *(.preinit_array*)
                0x000019d0                PROVIDE (__preinit_array_end, .)

.init_array     0x000019d0        0x4
                0x000019d0                PROVIDE (__init_array_start, .)
 *(SORT(.init_array.*))
 *(.init_array*)
 .init_array    0x000019d0        0x4 c:/freescale/kds_v3/toolchain/bin/../lib/gcc/arm-none-eabi/4.8.4/armv6-m/crtbegin.o
                0x000019d4                PROVIDE (__init_array_end, .)

.fini_array     0x000019d4        0x4
                0x000019d4                PROVIDE (__fini_array_start, .)
 *(SORT(.fini_array.*))
 *(.fini_array*)
 .fini_array    0x000019d4        0x4 c:/freescale/kds_v3/toolchain/bin/../lib/gcc/arm-none-eabi/4.8.4/armv6-m/crtbegin.o
                0x000019d8                PROVIDE (__fini_array_end, .)
                0x000019d8                __etext = .
                0x000019d8                __DATA_ROM = .

.mtb            0x1fffe000        0x0
                0x1fffe000                . = ALIGN (0x8)
                0x1fffe000                _mtb_start = .
 *(.mtb_buf)
                0x1fffe000                . = ALIGN (0x8)
                0x1fffe000                _mtb_end = .

.data           0x1fffe000       0x8c load address 0x000019d8
                0x1fffe000                . = ALIGN (0x4)
                0x1fffe000                __DATA_RAM = .
                0x1fffe000                __data_start__ = .
 *(.data)
 *(.data*)
 .data.GPIO_port_array
                0x1fffe000       0x14 ./Sources/Driver/Driver_GPIO.o
 .data.port_array
                0x1fffe014       0x14 ./Sources/Driver/Driver_PORT.o
 .data.impure_data
                0x1fffe028       0x60 c:/freescale/kds_v3/toolchain/bin/../lib/gcc/arm-none-eabi/4.8.4/../../../../arm-none-eabi/lib/armv6-m\libg_s.a(lib_a-impure.o)
 *(.jcr*)
 .jcr           0x1fffe088        0x0 c:/freescale/kds_v3/toolchain/bin/../lib/gcc/arm-none-eabi/4.8.4/armv6-m/crtbegin.o
 .jcr           0x1fffe088        0x4 c:/freescale/kds_v3/toolchain/bin/../lib/gcc/arm-none-eabi/4.8.4/armv6-m/crtend.o
                0x1fffe08c                . = ALIGN (0x4)
                0x1fffe08c                __data_end__ = .
                0x00001a64                __DATA_END = (__DATA_ROM + (__data_end__ - __data_start__))

.igot.plt       0x1fffe08c        0x0 load address 0x00001a64
 .igot.plt      0x00000000        0x0 c:/freescale/kds_v3/toolchain/bin/../lib/gcc/arm-none-eabi/4.8.4/armv6-m/crtbegin.o

.bss            0x1fffe08c       0x28 load address 0x00001a64
                0x1fffe08c                . = ALIGN (0x4)
                0x1fffe08c                __START_BSS = .
                0x1fffe08c                __bss_start__ = .
 *(.bss)
 .bss           0x1fffe08c       0x1c c:/freescale/kds_v3/toolchain/bin/../lib/gcc/arm-none-eabi/4.8.4/armv6-m/crtbegin.o
 *(.bss*)
 .bss.func_callback_ptr
                0x1fffe0a8        0x4 ./Sources/Driver/Driver_PIT.o
 .bss.ticks     0x1fffe0ac        0x4 ./Sources/main.o
 .bss.signal_state
                0x1fffe0b0        0x1 ./Sources/main.o
 *(COMMON)
                0x1fffe0b4                . = ALIGN (0x4)
 *fill*         0x1fffe0b1        0x3 
                0x1fffe0b4                __bss_end__ = .
                0x1fffe0b4                __END_BSS = .

.heap           0x1fffe0b4      0x404 load address 0x00001a8c
                0x1fffe0b8                . = ALIGN (0x8)
 *fill*         0x1fffe0b4        0x4 
                0x1fffe0b8                __end__ = .
                0x1fffe0b8                PROVIDE (end, .)
                0x1fffe0b8                __HeapBase = .
                0x1fffe4b8                . = (. + HEAP_SIZE)
 *fill*         0x1fffe0b8      0x400 
                0x1fffe4b8                __HeapLimit = .

.stack          0x1fffe4b8      0x400 load address 0x00001e90
                0x1fffe4b8                . = ALIGN (0x8)
                0x1fffe8b8                . = (. + STACK_SIZE)
 *fill*         0x1fffe4b8      0x400 
                0x20006000                __StackTop = (ORIGIN (m_data) + 0x8000)
                0x20005c00                __StackLimit = (__StackTop - STACK_SIZE)
                0x20006000                PROVIDE (__stack, __StackTop)

.ARM.attributes
                0x00000000       0x28
 *(.ARM.attributes)
 .ARM.attributes
                0x00000000       0x1e c:/freescale/kds_v3/toolchain/bin/../lib/gcc/arm-none-eabi/4.8.4/armv6-m/crti.o
 .ARM.attributes
                0x0000001e       0x2c c:/freescale/kds_v3/toolchain/bin/../lib/gcc/arm-none-eabi/4.8.4/armv6-m/crtbegin.o
 .ARM.attributes
                0x0000004a       0x1b c:/freescale/kds_v3/toolchain/bin/../lib/gcc/arm-none-eabi/4.8.4/../../../../arm-none-eabi/lib/armv6-m/crt0.o
 .ARM.attributes
                0x00000065       0x32 ./Sources/HAL/HAL_ADC0.o
 .ARM.attributes
                0x00000097       0x32 ./Sources/HAL/HAL_GPIO.o
 .ARM.attributes
                0x000000c9       0x32 ./Sources/HAL/HAL_PIT.o
 .ARM.attributes
                0x000000fb       0x32 ./Sources/HAL/HAL_PORT.o
 .ARM.attributes
                0x0000012d       0x32 ./Sources/HAL/HAL_SIM.o
 .ARM.attributes
                0x0000015f       0x32 ./Sources/Driver/Driver_ADC0.o
 .ARM.attributes
                0x00000191       0x32 ./Sources/Driver/Driver_GPIO.o
 .ARM.attributes
                0x000001c3       0x32 ./Sources/Driver/Driver_PIT.o
 .ARM.attributes
                0x000001f5       0x32 ./Sources/Driver/Driver_PORT.o
 .ARM.attributes
                0x00000227       0x32 ./Sources/Driver/Driver_SIM.o
 .ARM.attributes
                0x00000259       0x32 ./Sources/main.o
 .ARM.attributes
                0x0000028b       0x1b ./Project_Settings/Startup_Code/startup_MKL46Z4.o
 .ARM.attributes
                0x000002a6       0x32 ./Project_Settings/Startup_Code/system_MKL46Z4.o
 .ARM.attributes
                0x000002d8       0x1e c:/freescale/kds_v3/toolchain/bin/../lib/gcc/arm-none-eabi/4.8.4/armv6-m\libgcc.a(_udivsi3.o)
 .ARM.attributes
                0x000002f6       0x1e c:/freescale/kds_v3/toolchain/bin/../lib/gcc/arm-none-eabi/4.8.4/armv6-m\libgcc.a(_dvmd_tls.o)
 .ARM.attributes
                0x00000314       0x2c c:/freescale/kds_v3/toolchain/bin/../lib/gcc/arm-none-eabi/4.8.4/../../../../arm-none-eabi/lib/armv6-m\libg_s.a(lib_a-exit.o)
 .ARM.attributes
                0x00000340       0x2c c:/freescale/kds_v3/toolchain/bin/../lib/gcc/arm-none-eabi/4.8.4/../../../../arm-none-eabi/lib/armv6-m\libg_s.a(lib_a-impure.o)
 .ARM.attributes
                0x0000036c       0x2c c:/freescale/kds_v3/toolchain/bin/../lib/gcc/arm-none-eabi/4.8.4/../../../../arm-none-eabi/lib/armv6-m\libg_s.a(lib_a-init.o)
 .ARM.attributes
                0x00000398       0x2c c:/freescale/kds_v3/toolchain/bin/../lib/gcc/arm-none-eabi/4.8.4/../../../../arm-none-eabi/lib/armv6-m\libg_s.a(lib_a-memcpy-stub.o)
 .ARM.attributes
                0x000003c4       0x2c c:/freescale/kds_v3/toolchain/bin/../lib/gcc/arm-none-eabi/4.8.4/../../../../arm-none-eabi/lib/armv6-m\libg_s.a(lib_a-memset.o)
 .ARM.attributes
                0x000003f0       0x2c c:/freescale/kds_v3/toolchain/bin/../lib/gcc/arm-none-eabi/4.8.4/../../../../arm-none-eabi/lib/armv6-m\libnosys.a(_exit.o)
 .ARM.attributes
                0x0000041c       0x2c c:/freescale/kds_v3/toolchain/bin/../lib/gcc/arm-none-eabi/4.8.4/armv6-m/crtend.o
 .ARM.attributes
                0x00000448       0x1e c:/freescale/kds_v3/toolchain/bin/../lib/gcc/arm-none-eabi/4.8.4/armv6-m/crtn.o
                0x00000001                ASSERT ((__StackLimit >= __HeapLimit), region m_data overflowed with stack and heap)
OUTPUT(PIT_project.elf elf32-littlearm)

.debug_info     0x00000000     0x2c91
 .debug_info    0x00000000      0x3d6 ./Sources/HAL/HAL_ADC0.o
 .debug_info    0x000003d6      0x226 ./Sources/HAL/HAL_GPIO.o
 .debug_info    0x000005fc      0x52b ./Sources/HAL/HAL_PIT.o
 .debug_info    0x00000b27      0x1a6 ./Sources/HAL/HAL_PORT.o
 .debug_info    0x00000ccd      0x384 ./Sources/HAL/HAL_SIM.o
 .debug_info    0x00001051      0x452 ./Sources/Driver/Driver_ADC0.o
 .debug_info    0x000014a3      0x392 ./Sources/Driver/Driver_GPIO.o
 .debug_info    0x00001835      0x424 ./Sources/Driver/Driver_PIT.o
 .debug_info    0x00001c59      0x26d ./Sources/Driver/Driver_PORT.o
 .debug_info    0x00001ec6      0x190 ./Sources/Driver/Driver_SIM.o
 .debug_info    0x00002056      0x7c3 ./Sources/main.o
 .debug_info    0x00002819       0x8a ./Project_Settings/Startup_Code/startup_MKL46Z4.o
 .debug_info    0x000028a3      0x3ee ./Project_Settings/Startup_Code/system_MKL46Z4.o

.debug_abbrev   0x00000000      0xc85
 .debug_abbrev  0x00000000      0x147 ./Sources/HAL/HAL_ADC0.o
 .debug_abbrev  0x00000147       0xf5 ./Sources/HAL/HAL_GPIO.o
 .debug_abbrev  0x0000023c      0x182 ./Sources/HAL/HAL_PIT.o
 .debug_abbrev  0x000003be       0xe4 ./Sources/HAL/HAL_PORT.o
 .debug_abbrev  0x000004a2       0xdc ./Sources/HAL/HAL_SIM.o
 .debug_abbrev  0x0000057e       0xe1 ./Sources/Driver/Driver_ADC0.o
 .debug_abbrev  0x0000065f      0x134 ./Sources/Driver/Driver_GPIO.o
 .debug_abbrev  0x00000793      0x113 ./Sources/Driver/Driver_PIT.o
 .debug_abbrev  0x000008a6       0xf3 ./Sources/Driver/Driver_PORT.o
 .debug_abbrev  0x00000999       0xa2 ./Sources/Driver/Driver_SIM.o
 .debug_abbrev  0x00000a3b      0x12d ./Sources/main.o
 .debug_abbrev  0x00000b68       0x14 ./Project_Settings/Startup_Code/startup_MKL46Z4.o
 .debug_abbrev  0x00000b7c      0x109 ./Project_Settings/Startup_Code/system_MKL46Z4.o

.debug_aranges  0x00000000      0x358
 .debug_aranges
                0x00000000       0x60 ./Sources/HAL/HAL_ADC0.o
 .debug_aranges
                0x00000060       0x38 ./Sources/HAL/HAL_GPIO.o
 .debug_aranges
                0x00000098       0x68 ./Sources/HAL/HAL_PIT.o
 .debug_aranges
                0x00000100       0x28 ./Sources/HAL/HAL_PORT.o
 .debug_aranges
                0x00000128       0x50 ./Sources/HAL/HAL_SIM.o
 .debug_aranges
                0x00000178       0x48 ./Sources/Driver/Driver_ADC0.o
 .debug_aranges
                0x000001c0       0x40 ./Sources/Driver/Driver_GPIO.o
 .debug_aranges
                0x00000200       0x78 ./Sources/Driver/Driver_PIT.o
 .debug_aranges
                0x00000278       0x28 ./Sources/Driver/Driver_PORT.o
 .debug_aranges
                0x000002a0       0x28 ./Sources/Driver/Driver_SIM.o
 .debug_aranges
                0x000002c8       0x48 ./Sources/main.o
 .debug_aranges
                0x00000310       0x20 ./Project_Settings/Startup_Code/startup_MKL46Z4.o
 .debug_aranges
                0x00000330       0x28 ./Project_Settings/Startup_Code/system_MKL46Z4.o

.debug_ranges   0x00000000      0x278
 .debug_ranges  0x00000000       0x50 ./Sources/HAL/HAL_ADC0.o
 .debug_ranges  0x00000050       0x28 ./Sources/HAL/HAL_GPIO.o
 .debug_ranges  0x00000078       0x58 ./Sources/HAL/HAL_PIT.o
 .debug_ranges  0x000000d0       0x18 ./Sources/HAL/HAL_PORT.o
 .debug_ranges  0x000000e8       0x40 ./Sources/HAL/HAL_SIM.o
 .debug_ranges  0x00000128       0x38 ./Sources/Driver/Driver_ADC0.o
 .debug_ranges  0x00000160       0x30 ./Sources/Driver/Driver_GPIO.o
 .debug_ranges  0x00000190       0x68 ./Sources/Driver/Driver_PIT.o
 .debug_ranges  0x000001f8       0x18 ./Sources/Driver/Driver_PORT.o
 .debug_ranges  0x00000210       0x18 ./Sources/Driver/Driver_SIM.o
 .debug_ranges  0x00000228       0x38 ./Sources/main.o
 .debug_ranges  0x00000260       0x18 ./Project_Settings/Startup_Code/system_MKL46Z4.o

.debug_macro    0x00000000     0xeea1
 .debug_macro   0x00000000       0x83 ./Sources/HAL/HAL_ADC0.o
 .debug_macro   0x00000083      0x802 ./Sources/HAL/HAL_ADC0.o
 .debug_macro   0x00000885       0x16 ./Sources/HAL/HAL_ADC0.o
 .debug_macro   0x0000089b       0x16 ./Sources/HAL/HAL_ADC0.o
 .debug_macro   0x000008b1       0x44 ./Sources/HAL/HAL_ADC0.o
 .debug_macro   0x000008f5      0x209 ./Sources/HAL/HAL_ADC0.o
 .debug_macro   0x00000afe       0x3a ./Sources/HAL/HAL_ADC0.o
 .debug_macro   0x00000b38       0x3a ./Sources/HAL/HAL_ADC0.o
 .debug_macro   0x00000b72       0x26 ./Sources/HAL/HAL_ADC0.o
 .debug_macro   0x00000b98      0x306 ./Sources/HAL/HAL_ADC0.o
 .debug_macro   0x00000e9e       0x6b ./Sources/HAL/HAL_ADC0.o
 .debug_macro   0x00000f09     0xd132 ./Sources/HAL/HAL_ADC0.o
 .debug_macro   0x0000e03b      0x130 ./Sources/HAL/HAL_GPIO.o
 .debug_macro   0x0000e16b       0x58 ./Sources/HAL/HAL_GPIO.o
 .debug_macro   0x0000e1c3       0x35 ./Sources/HAL/HAL_GPIO.o
 .debug_macro   0x0000e1f8       0xa3 ./Sources/HAL/HAL_GPIO.o
 .debug_macro   0x0000e29b       0x16 ./Sources/HAL/HAL_GPIO.o
 .debug_macro   0x0000e2b1      0x10e ./Sources/HAL/HAL_GPIO.o
 .debug_macro   0x0000e3bf       0x7f ./Sources/HAL/HAL_GPIO.o
 .debug_macro   0x0000e43e       0x52 ./Sources/HAL/HAL_GPIO.o
 .debug_macro   0x0000e490       0x16 ./Sources/HAL/HAL_GPIO.o
 .debug_macro   0x0000e4a6       0x43 ./Sources/HAL/HAL_GPIO.o
 .debug_macro   0x0000e4e9      0x180 ./Sources/HAL/HAL_GPIO.o
 .debug_macro   0x0000e669       0x22 ./Sources/HAL/HAL_GPIO.o
 .debug_macro   0x0000e68b       0x83 ./Sources/HAL/HAL_PIT.o
 .debug_macro   0x0000e70e       0x8d ./Sources/HAL/HAL_PORT.o
 .debug_macro   0x0000e79b       0x8d ./Sources/HAL/HAL_SIM.o
 .debug_macro   0x0000e828       0xf9 ./Sources/Driver/Driver_ADC0.o
 .debug_macro   0x0000e921      0x14d ./Sources/Driver/Driver_GPIO.o
 .debug_macro   0x0000ea6e       0x4c ./Sources/Driver/Driver_GPIO.o
 .debug_macro   0x0000eaba       0xf9 ./Sources/Driver/Driver_PIT.o
 .debug_macro   0x0000ebb3       0xa1 ./Sources/Driver/Driver_PORT.o
 .debug_macro   0x0000ec54      0x13f ./Sources/Driver/Driver_SIM.o
 .debug_macro   0x0000ed93       0x90 ./Sources/main.o
 .debug_macro   0x0000ee23       0x7e ./Project_Settings/Startup_Code/system_MKL46Z4.o

.debug_line     0x00000000     0x20ae
 .debug_line    0x00000000      0x2ab ./Sources/HAL/HAL_ADC0.o
 .debug_line    0x000002ab      0x2d8 ./Sources/HAL/HAL_GPIO.o
 .debug_line    0x00000583      0x2e7 ./Sources/HAL/HAL_PIT.o
 .debug_line    0x0000086a      0x20f ./Sources/HAL/HAL_PORT.o
 .debug_line    0x00000a79      0x27f ./Sources/HAL/HAL_SIM.o
 .debug_line    0x00000cf8      0x2d9 ./Sources/Driver/Driver_ADC0.o
 .debug_line    0x00000fd1      0x32a ./Sources/Driver/Driver_GPIO.o
 .debug_line    0x000012fb      0x33d ./Sources/Driver/Driver_PIT.o
 .debug_line    0x00001638      0x265 ./Sources/Driver/Driver_PORT.o
 .debug_line    0x0000189d      0x2d9 ./Sources/Driver/Driver_SIM.o
 .debug_line    0x00001b76      0x27d ./Sources/main.o
 .debug_line    0x00001df3       0x7b ./Project_Settings/Startup_Code/startup_MKL46Z4.o
 .debug_line    0x00001e6e      0x240 ./Project_Settings/Startup_Code/system_MKL46Z4.o

.debug_str      0x00000000    0x51bda
 .debug_str     0x00000000    0x4f180 ./Sources/HAL/HAL_ADC0.o
                              0x4f598 (size before relaxing)
 .debug_str     0x0004f180     0x168f ./Sources/HAL/HAL_GPIO.o
                              0x50ae0 (size before relaxing)
 .debug_str     0x0005080f      0x378 ./Sources/HAL/HAL_PIT.o
                              0x4f764 (size before relaxing)
 .debug_str     0x00050b87       0x9a ./Sources/HAL/HAL_PORT.o
                              0x4f46f (size before relaxing)
 .debug_str     0x00050c21      0x229 ./Sources/HAL/HAL_SIM.o
                              0x4f5ff (size before relaxing)
 .debug_str     0x00050e4a      0x476 ./Sources/Driver/Driver_ADC0.o
                               0x48b9 (size before relaxing)
 .debug_str     0x000512c0      0x2a2 ./Sources/Driver/Driver_GPIO.o
                              0x50d32 (size before relaxing)
 .debug_str     0x00051562      0x351 ./Sources/Driver/Driver_PIT.o
                               0x47af (size before relaxing)
 .debug_str     0x000518b3       0x61 ./Sources/Driver/Driver_PORT.o
                              0x4f5aa (size before relaxing)
 .debug_str     0x00051914      0x145 ./Sources/Driver/Driver_SIM.o
                              0x50b76 (size before relaxing)
 .debug_str     0x00051a59       0xf5 ./Sources/main.o
                               0x36f7 (size before relaxing)
 .debug_str     0x00051b4e       0x8c ./Project_Settings/Startup_Code/system_MKL46Z4.o
                              0x4f536 (size before relaxing)

.comment        0x00000000       0x70
 .comment       0x00000000       0x70 ./Sources/HAL/HAL_ADC0.o
                                 0x71 (size before relaxing)
 .comment       0x00000000       0x71 ./Sources/HAL/HAL_GPIO.o
 .comment       0x00000000       0x71 ./Sources/HAL/HAL_PIT.o
 .comment       0x00000000       0x71 ./Sources/HAL/HAL_PORT.o
 .comment       0x00000000       0x71 ./Sources/HAL/HAL_SIM.o
 .comment       0x00000000       0x71 ./Sources/Driver/Driver_ADC0.o
 .comment       0x00000000       0x71 ./Sources/Driver/Driver_GPIO.o
 .comment       0x00000000       0x71 ./Sources/Driver/Driver_PIT.o
 .comment       0x00000000       0x71 ./Sources/Driver/Driver_PORT.o
 .comment       0x00000000       0x71 ./Sources/Driver/Driver_SIM.o
 .comment       0x00000000       0x71 ./Sources/main.o
 .comment       0x00000000       0x71 ./Project_Settings/Startup_Code/system_MKL46Z4.o

.debug_frame    0x00000000      0x9ec
 .debug_frame   0x00000000      0x130 ./Sources/HAL/HAL_ADC0.o
 .debug_frame   0x00000130       0x90 ./Sources/HAL/HAL_GPIO.o
 .debug_frame   0x000001c0      0x14c ./Sources/HAL/HAL_PIT.o
 .debug_frame   0x0000030c       0x50 ./Sources/HAL/HAL_PORT.o
 .debug_frame   0x0000035c       0xf0 ./Sources/HAL/HAL_SIM.o
 .debug_frame   0x0000044c       0xd0 ./Sources/Driver/Driver_ADC0.o
 .debug_frame   0x0000051c       0xb0 ./Sources/Driver/Driver_GPIO.o
 .debug_frame   0x000005cc      0x18c ./Sources/Driver/Driver_PIT.o
 .debug_frame   0x00000758       0x50 ./Sources/Driver/Driver_PORT.o
 .debug_frame   0x000007a8       0x50 ./Sources/Driver/Driver_SIM.o
 .debug_frame   0x000007f8       0xcc ./Sources/main.o
 .debug_frame   0x000008c4       0x4c ./Project_Settings/Startup_Code/system_MKL46Z4.o
 .debug_frame   0x00000910       0x20 c:/freescale/kds_v3/toolchain/bin/../lib/gcc/arm-none-eabi/4.8.4/armv6-m\libgcc.a(_udivsi3.o)
 .debug_frame   0x00000930       0x28 c:/freescale/kds_v3/toolchain/bin/../lib/gcc/arm-none-eabi/4.8.4/../../../../arm-none-eabi/lib/armv6-m\libg_s.a(lib_a-exit.o)
 .debug_frame   0x00000958       0x2c c:/freescale/kds_v3/toolchain/bin/../lib/gcc/arm-none-eabi/4.8.4/../../../../arm-none-eabi/lib/armv6-m\libg_s.a(lib_a-init.o)
 .debug_frame   0x00000984       0x28 c:/freescale/kds_v3/toolchain/bin/../lib/gcc/arm-none-eabi/4.8.4/../../../../arm-none-eabi/lib/armv6-m\libg_s.a(lib_a-memcpy-stub.o)
 .debug_frame   0x000009ac       0x20 c:/freescale/kds_v3/toolchain/bin/../lib/gcc/arm-none-eabi/4.8.4/../../../../arm-none-eabi/lib/armv6-m\libg_s.a(lib_a-memset.o)
 .debug_frame   0x000009cc       0x20 c:/freescale/kds_v3/toolchain/bin/../lib/gcc/arm-none-eabi/4.8.4/../../../../arm-none-eabi/lib/armv6-m\libnosys.a(_exit.o)
